=== 4. expert iteration, seed 0 ===
RL targets 1994  transfer 800  heldout 500
relabelling on; contamination filter holds 5335 theorems
round 1: RL 23.2% [21.4-25.1] frozen 22.1% [20.3-23.9] | transfer 21.2% (frozen 22.2%) | heldout greedy 97.8% | frontier 7 (frozen 7) | pool 2952 | 139.6s
   found lengths (written): {4: 15, 5: 114, 6: 330, 7: 304}
   relabelled +2189 (lengths {1: 8, 2: 28, 3: 57, 4: 121, 5: 402, 6: 1487, 7: 85, 8: 1})
round 2: RL 33.9% [31.8-36.0] frozen 22.7% [20.9-24.6] | transfer 29.8% (frozen 21.1%) | heldout greedy 95.6% | frontier 8 (frozen 7) | pool 4877 | 133.7s
   found lengths (written): {4: 19, 5: 178, 6: 682, 7: 605, 8: 22}
   relabelled +1047 (lengths {1: 5, 2: 22, 3: 38, 4: 74, 5: 166, 6: 623, 7: 101, 8: 18})
round 3: RL 42.4% [40.3-44.6] frozen 22.8% [21.0-24.7] | transfer 38.9% (frozen 21.9%) | heldout greedy 96.2% | frontier 8 (frozen 7) | pool 7084 | 138.0s
   found lengths (written): {4: 22, 5: 259, 6: 1154, 7: 1033, 8: 72}
   relabelled +866 (lengths {1: 10, 2: 18, 3: 28, 4: 43, 5: 144, 6: 490, 7: 101, 8: 24, 9: 8})
round 4: RL 49.3% [47.2-51.5] frozen 22.1% [20.3-23.9] | transfer 45.1% (frozen 22.1%) | heldout greedy 96.0% | frontier 8 (frozen 7) | pool 9801 | 135.9s
   found lengths (written): {4: 22, 5: 332, 6: 1596, 7: 1489, 8: 212, 9: 3}
   relabelled +913 (lengths {1: 1, 2: 13, 3: 26, 4: 63, 5: 127, 6: 496, 7: 167, 8: 17, 9: 1, 10: 1, 12: 1})
round 5: RL 54.4% [52.2-56.5] frozen 23.4% [21.6-25.3] | transfer 49.8% (frozen 20.2%) | heldout greedy 96.8% | frontier 9 (frozen 7) | pool 13331 | 131.6s
   found lengths (written): {4: 21, 5: 374, 6: 2116, 7: 1948, 8: 547, 9: 32, 10: 1}
   relabelled +1044 (lengths {1: 6, 2: 14, 3: 22, 4: 34, 5: 130, 6: 516, 7: 275, 8: 36, 9: 8, 10: 3})
saved runs/clean_seed0
=== 5. Stage 3 table ===

=== stage1  (ckpt/sft_rope_clean.pt) ===
  held-out (<=6)  greedy    97.1% [96.1-97.8]  1456/1500
      len 2: 100.0% [98.0-100.0]  186/186
      len 3:  98.4% [96.3-99.3]  310/315
      len 4:  97.8% [95.8-98.9]  364/372
      len 5:  97.9% [95.6-99.0]  319/326
      len 6:  92.0% [88.4-94.6]  277/301
  transfer (>6)   greedy     5.9% [ 4.4- 7.7]  47/800   written {5: 5, 6: 12, 7: 30}
  transfer (>6)   pass@32   21.9% [19.1-24.9]  175/800   written {4: 6, 5: 19, 6: 67, 7: 83}
  validation_36   greedy   6/36
      bin <=6:  50.0% [25.4-74.6]  6/12
      bin  >6:   0.0% [ 0.0-13.8]  0/24

=== final  (runs/clean_seed0/final.pt) ===
  held-out (<=6)  greedy    96.3% [95.2-97.1]  1444/1500
      len 2: 100.0% [98.0-100.0]  186/186
      len 3:  98.7% [96.8-99.5]  311/315
      len 4:  94.9% [92.2-96.7]  353/372
      len 5:  96.9% [94.4-98.3]  316/326
      len 6:  92.4% [88.8-94.9]  278/301
  transfer (>6)   greedy    25.8% [22.8-28.9]  206/800   written {4: 1, 5: 6, 6: 34, 7: 147, 8: 18}
  transfer (>6)   pass@32   49.6% [46.2-53.1]  397/800   written {4: 3, 5: 15, 6: 88, 7: 244, 8: 46, 9: 1}
  validation_36   greedy   4/36
      bin <=6:  33.3% [13.8-60.9]  4/12
      bin  >6:   0.0% [ 0.0-13.8]  0/24

wrote numbers_stage3_clean.json
=== 6. TEST SET, one greedy run per file per model ===
stage1  short  test_short_prompts.jsonl: 47.6% passed  (127/267; 95% CI 41.7–53.5%)
stage1  long   test_long_prompts.jsonl: 8.8% passed  (47/532; 95% CI 6.7–11.6%)
final   short  test_short_prompts.jsonl: 46.4% passed  (124/267; 95% CI 40.6–52.4%)
final   long   test_long_prompts.jsonl: 8.1% passed  (43/532; 95% CI 6.1–10.7%)
=== PIPELINE COMPLETE ===
